// Jest Snapshot v1, https://goo.gl/fbAQLP

exports[`transform export const enum into object literal test-case/const-enum.d.ts 1`] = `
"export declare enum SomeEnum {
    A = 0,
    B = 1,
    C = \\"hello\\",
    D = 1000,
    E = 1001
}
export declare enum ComputedEnum {
    A = 0,
    B = 1,
    C = 2,
    D = -2,
    E = 4,
    F = -1,
    G = 1228,
    H = 31,
    I = 230,
    J = \\"12\\",
    K = 1
}
declare enum NonExportEnum {
    A = 0,
    B = 1
}
declare function SomeFunc(inlineSomeEnum: SomeEnum, inlineComputedEnum: ComputedEnum): SomeEnum.D | ComputedEnum | NonExportEnum;
export default SomeFunc;
"
`;

exports[`transform export const enum into object literal test-case/const-enum.js 1`] = `
"export const SomeEnum = {
    A: 0,
    B: 1,
    C: \\"hello\\",
    D: 1000,
    E: 1001
};
export const ComputedEnum = {
    A: 0,
    B: 1,
    C: 2,
    D: -2,
    E: 4,
    F: -1,
    G: 1228,
    H: 31,
    I: 230,
    J: \\"12\\",
    K: 1
};
const Value = 0.5;
var NonExportEnum;
(function (NonExportEnum) {
    NonExportEnum[NonExportEnum[\\"A\\"] = 0] = \\"A\\";
    NonExportEnum[NonExportEnum[\\"B\\"] = 1] = \\"B\\";
})(NonExportEnum || (NonExportEnum = {}));
function SomeFunc(inlineSomeEnum, inlineComputedEnum) {
    if (inlineSomeEnum === 0 /* A */)
        return 1000 /* D */;
    if (inlineComputedEnum === -2 /* D */)
        return 4 /* E */;
    return Math.random() > Value ? NonExportEnum.A : NonExportEnum.B;
}
export default SomeFunc;
//# sourceMappingURL=const-enum.js.map"
`;

exports[`transform export const enum into object literal test-case/const-enum.js.map 1`] = `"{\\"version\\":3,\\"file\\":\\"const-enum.js\\",\\"sourceRoot\\":\\"\\",\\"sources\\":[\\"const-enum.ts\\"],\\"names\\":[],\\"mappings\\":\\"AAAA,MAAM,OAAY,QAAQ;IACxB,IAAC;IACD,IAAC;IACD,UAAW;IACX,OAAQ;IACR,OAAC;EACF;AAED,MAAM,OAAY,YAAY;IAC5B,IAAC;IACD,IAAC;IACD,IAAC;IACD,KAAU;IACV,IAAU;IACV,KAAc;IACd,OAAuB;IACvB,KAA4B;IAC5B,MAAgB;IAChB,OAAa;IACb,IAAoB;EACrB;AAED,MAAM,KAAK,GAAG,GAAG,CAAC;AAElB,IAAK,aAGJ;AAHD,WAAK,aAAa;IAChB,2CAAC,CAAA;IACD,2CAAC,CAAA;AACH,CAAC,EAHI,aAAa,KAAb,aAAa,QAGjB;AAED,SAAS,QAAQ,CAAC,cAAwB,EAAE,kBAAgC;IAC1E,IAAI,cAAc,cAAe;QAAE,oBAAkB;IACrD,IAAI,kBAAkB,eAAmB;QAAE,iBAAsB;IACjE,OAAO,IAAI,CAAC,MAAM,EAAE,GAAG,KAAK,CAAC,CAAC,CAAC,aAAa,CAAC,CAAC,CAAC,CAAC,CAAC,aAAa,CAAC,CAAC,CAAC;AACnE,CAAC;AAED,eAAe,QAAQ,CAAC\\"}"`;
