// Jest Snapshot v1, https://goo.gl/fbAQLP

exports[`transform export const enum into object literal test-case/const-enum.d.ts 1`] = `
"export declare enum SomeEnum {
    A = 0,
    B = 1,
    C = \\"hello\\",
    D = 1000,
    E = 1001
}
export declare enum ComputedEnum {
    A = 0,
    B = 1,
    C = 2,
    D = -2,
    E = 4,
    F = -1,
    G = 1228,
    H = 31,
    I = 230,
    J = \\"12\\",
    K = 1
}
export declare enum RegularEnum {
    A = 0,
    B = 1
}
"
`;

exports[`transform export const enum into object literal test-case/const-enum.js 1`] = `
"export const SomeEnum = {
    A: 0,
    B: 1,
    C: \\"hello\\",
    D: 1000,
    E: 1001
};
export const ComputedEnum = {
    A: 0,
    B: 1,
    C: 2,
    D: -2,
    E: 4,
    F: -1,
    G: 1228,
    H: 31,
    I: 230,
    J: \\"12\\",
    K: 1
};
export var RegularEnum;
(function (RegularEnum) {
    RegularEnum[RegularEnum[\\"A\\"] = 0] = \\"A\\";
    RegularEnum[RegularEnum[\\"B\\"] = 1] = \\"B\\";
})(RegularEnum || (RegularEnum = {}));
//# sourceMappingURL=const-enum.js.map"
`;

exports[`transform export const enum into object literal test-case/const-enum.js.map 1`] = `"{\\"version\\":3,\\"file\\":\\"const-enum.js\\",\\"sourceRoot\\":\\"\\",\\"sources\\":[\\"const-enum.ts\\"],\\"names\\":[],\\"mappings\\":\\"AAAA,MAAM,OAAY,QAAQ;IACxB,IAAC;IACD,IAAC;IACD,UAAW;IACX,OAAQ;IACR,OAAC;EACF;AAED,MAAM,OAAY,YAAY;IAC5B,IAAC;IACD,IAAC;IACD,IAAC;IACD,KAAU;IACV,IAAU;IACV,KAAc;IACd,OAAuB;IACvB,KAA4B;IAC5B,MAAgB;IAChB,OAAa;IACb,IAAoB;EACrB;AAED,MAAM,CAAN,IAAY,WAGX;AAHD,WAAY,WAAW;IACrB,uCAAC,CAAA;IACD,uCAAC,CAAA;AACH,CAAC,EAHW,WAAW,KAAX,WAAW,QAGtB\\"}"`;
